// Jest Snapshot v1, https://goo.gl/fbAQLP

exports[`\`AddButton\` Tests \`AddButton\` Snapshot 1`] = `
ShallowWrapper {
  Symbol(enzyme.__root__): [Circular],
  Symbol(enzyme.__unrendered__): <AddButton
    openForm={[Function]}
/>,
  Symbol(enzyme.__renderer__): Object {
    "batchedUpdates": [Function],
    "getNode": [Function],
    "render": [Function],
    "simulateEvent": [Function],
    "unmount": [Function],
  },
  Symbol(enzyme.__node__): Object {
    "instance": null,
    "key": undefined,
    "nodeType": "class",
    "props": Object {
      "aria-label": "Add",
      "children": <pure(Add) />,
      "color": "primary",
      "onClick": [Function],
      "style": Object {
        "bottom": "10px",
        "position": "fixed",
        "right": "14px",
      },
      "variant": "fab",
    },
    "ref": null,
    "rendered": Object {
      "instance": null,
      "key": undefined,
      "nodeType": "class",
      "props": Object {},
      "ref": null,
      "rendered": null,
      "type": [Function],
    },
    "type": [Function],
  },
  Symbol(enzyme.__nodes__): Array [
    Object {
      "instance": null,
      "key": undefined,
      "nodeType": "class",
      "props": Object {
        "aria-label": "Add",
        "children": <pure(Add) />,
        "color": "primary",
        "onClick": [Function],
        "style": Object {
          "bottom": "10px",
          "position": "fixed",
          "right": "14px",
        },
        "variant": "fab",
      },
      "ref": null,
      "rendered": Object {
        "instance": null,
        "key": undefined,
        "nodeType": "class",
        "props": Object {},
        "ref": null,
        "rendered": null,
        "type": [Function],
      },
      "type": [Function],
    },
  ],
  Symbol(enzyme.__options__): Object {
    "adapter": ReactSixteenAdapter {
      "options": Object {
        "enableComponentDidUpdateOnSetState": true,
        "lifecycles": Object {
          "componentDidUpdate": Object {
            "onSetState": true,
          },
          "getDerivedStateFromProps": true,
          "getSnapshotBeforeUpdate": true,
          "setState": Object {
            "skipsComponentDidUpdateOnNullish": true,
          },
        },
      },
    },
    "attachTo": undefined,
    "disableLifecycleMethods": true,
    "hydrateIn": undefined,
  },
}
`;
