// Jest Snapshot v1, https://goo.gl/fbAQLP

exports[`\`ContactDetails\` Tests \`ContactDetails\` Snapshot 1`] = `
ShallowWrapper {
  Symbol(enzyme.__root__): [Circular],
  Symbol(enzyme.__unrendered__): <WithStyles(ContactDetails)
    classes={Object {}}
    list={Object {}}
/>,
  Symbol(enzyme.__renderer__): Object {
    "batchedUpdates": [Function],
    "getNode": [Function],
    "render": [Function],
    "simulateEvent": [Function],
    "unmount": [Function],
  },
  Symbol(enzyme.__node__): Object {
    "instance": null,
    "key": undefined,
    "nodeType": "class",
    "props": Object {
      "classes": Object {
        "actions": "ContactDetails-actions-6",
        "active": "ContactDetails-active-3",
        "avatar": "ContactDetails-avatar-9",
        "card": "ContactDetails-card-1",
        "cardContent": "ContactDetails-cardContent-10",
        "expand": "ContactDetails-expand-7",
        "expandOpen": "ContactDetails-expandOpen-8",
        "inactive": "ContactDetails-inactive-4",
        "label": "ContactDetails-label-2",
        "media": "ContactDetails-media-5",
      },
      "list": Object {},
    },
    "ref": null,
    "rendered": null,
    "type": [Function],
  },
  Symbol(enzyme.__nodes__): Array [
    Object {
      "instance": null,
      "key": undefined,
      "nodeType": "class",
      "props": Object {
        "classes": Object {
          "actions": "ContactDetails-actions-6",
          "active": "ContactDetails-active-3",
          "avatar": "ContactDetails-avatar-9",
          "card": "ContactDetails-card-1",
          "cardContent": "ContactDetails-cardContent-10",
          "expand": "ContactDetails-expand-7",
          "expandOpen": "ContactDetails-expandOpen-8",
          "inactive": "ContactDetails-inactive-4",
          "label": "ContactDetails-label-2",
          "media": "ContactDetails-media-5",
        },
        "list": Object {},
      },
      "ref": null,
      "rendered": null,
      "type": [Function],
    },
  ],
  Symbol(enzyme.__options__): Object {
    "adapter": ReactSixteenAdapter {
      "options": Object {
        "enableComponentDidUpdateOnSetState": true,
        "lifecycles": Object {
          "componentDidUpdate": Object {
            "onSetState": true,
          },
          "getDerivedStateFromProps": true,
          "getSnapshotBeforeUpdate": true,
          "setState": Object {
            "skipsComponentDidUpdateOnNullish": true,
          },
        },
      },
    },
    "attachTo": undefined,
    "disableLifecycleMethods": true,
    "hydrateIn": undefined,
  },
}
`;
