// Jest Snapshot v1, https://goo.gl/fbAQLP

exports[`\`DynaForm\` Tests \`DynaForm\` Snapshot 1`] = `
ShallowWrapper {
  Symbol(enzyme.__root__): [Circular],
  Symbol(enzyme.__unrendered__): <ReduxForm
    classes={Object {}}
/>,
  Symbol(enzyme.__renderer__): Object {
    "batchedUpdates": [Function],
    "getNode": [Function],
    "render": [Function],
    "simulateEvent": [Function],
    "unmount": [Function],
  },
  Symbol(enzyme.__node__): Object {
    "instance": null,
    "key": undefined,
    "nodeType": "class",
    "props": Object {
      "classes": Object {},
      "destroyOnUnmount": true,
      "enableReinitialize": false,
      "forceUnregisterOnUnmount": false,
      "form": "DynaForm",
      "getFormState": [Function],
      "initialValues": undefined,
      "keepDirtyOnReinitialize": false,
      "persistentSubmitErrors": false,
      "pure": true,
      "shouldAsyncValidate": [Function],
      "shouldError": [Function],
      "shouldValidate": [Function],
      "shouldWarn": [Function],
      "touchOnBlur": true,
      "touchOnChange": false,
      "updateUnregisteredFields": false,
    },
    "ref": [Function],
    "rendered": null,
    "type": [Function],
  },
  Symbol(enzyme.__nodes__): Array [
    Object {
      "instance": null,
      "key": undefined,
      "nodeType": "class",
      "props": Object {
        "classes": Object {},
        "destroyOnUnmount": true,
        "enableReinitialize": false,
        "forceUnregisterOnUnmount": false,
        "form": "DynaForm",
        "getFormState": [Function],
        "initialValues": undefined,
        "keepDirtyOnReinitialize": false,
        "persistentSubmitErrors": false,
        "pure": true,
        "shouldAsyncValidate": [Function],
        "shouldError": [Function],
        "shouldValidate": [Function],
        "shouldWarn": [Function],
        "touchOnBlur": true,
        "touchOnChange": false,
        "updateUnregisteredFields": false,
      },
      "ref": [Function],
      "rendered": null,
      "type": [Function],
    },
  ],
  Symbol(enzyme.__options__): Object {
    "adapter": ReactSixteenAdapter {
      "options": Object {
        "enableComponentDidUpdateOnSetState": true,
        "lifecycles": Object {
          "componentDidUpdate": Object {
            "onSetState": true,
          },
          "getDerivedStateFromProps": true,
          "getSnapshotBeforeUpdate": true,
          "setState": Object {
            "skipsComponentDidUpdateOnNullish": true,
          },
        },
      },
    },
    "attachTo": undefined,
    "disableLifecycleMethods": true,
    "hydrateIn": undefined,
  },
}
`;
